// Jest Snapshot v1, https://goo.gl/fbAQLP

exports[`RedactImage.vue should render correctly 1`] = `
<div>
  <img
    crossorigin="Anonymous"
    src=""
    style="display: none;"
  />
   
  <canvas
    tabindex="1"
  />
</div>
`;
